
> reembolsos-webapp@0.0.0 build
> ng build

[33mÔØ»[39m Building...
[32mÔ£ö[39m Building...
Application bundle generation failed. [1.928 seconds]

npm.cmd : [1m[31m[31mX [41;31m[[41;97mERROR[41;31m][0m [1mTS2322: Type 
'string | boolean | undefined' is not assignable to type 'boolean'.
En línea: 1 Carácter: 80
+ ... reembolsos-webapp" ; npm.cmd run build > build_error.log 2>&1; Get-Co ...
+                          ~~~~~~~~~~~~~~~~~~~~~~~~~~~~~~~~~~~~~~~~
    + CategoryInfo          : NotSpecified: ([1m[31m[31mX...type 'boolean'. 
   :String) [], RemoteException
    + FullyQualifiedErrorId : NativeCommandError
 
  Type 'undefined' is not assignable to type 'boolean'.[0m [1m[35m[plugin 
angular-compiler][0m

    
src/app/features/users/users-management/users-management.component.ts:286:4:
[37m      286 Ôöé     [32mreturn[37m password && passwordConfirm && 
password === passwordCo...
          ÔòÁ     [32m~~~~~~[0m

[39m[22m
